Release 14.7 - xst P.20131013 (nt64)
Copyright (c) 1995-2013 Xilinx, Inc.  All rights reserved.
--> Parameter TMPDIR set to xst/projnav.tmp


Total REAL time to Xst completion: 0.00 secs
Total CPU time to Xst completion: 0.16 secs
 
--> Parameter xsthdpdir set to xst


Total REAL time to Xst completion: 0.00 secs
Total CPU time to Xst completion: 0.16 secs
 
--> Reading design: Computer.prj

TABLE OF CONTENTS
  1) Synthesis Options Summary
  2) HDL Parsing
  3) HDL Elaboration
  4) HDL Synthesis
       4.1) HDL Synthesis Report
  5) Advanced HDL Synthesis
       5.1) Advanced HDL Synthesis Report
  6) Low Level Synthesis
  7) Partition Report
  8) Design Summary
       8.1) Primitive and Black Box Usage
       8.2) Device utilization summary
       8.3) Partition Resource Summary
       8.4) Timing Report
            8.4.1) Clock Information
            8.4.2) Asynchronous Control Signals Information
            8.4.3) Timing Summary
            8.4.4) Timing Details
            8.4.5) Cross Clock Domains Report


=========================================================================
*                      Synthesis Options Summary                        *
=========================================================================
---- Source Parameters
Input File Name                    : "Computer.prj"
Ignore Synthesis Constraint File   : NO

---- Target Parameters
Output File Name                   : "Computer"
Output Format                      : NGC
Target Device                      : xc6slx45-3-csg484

---- Source Options
Top Module Name                    : Computer
Automatic FSM Extraction           : YES
FSM Encoding Algorithm             : Auto
Safe Implementation                : No
FSM Style                          : LUT
RAM Extraction                     : Yes
RAM Style                          : Auto
ROM Extraction                     : Yes
Shift Register Extraction          : YES
ROM Style                          : Auto
Resource Sharing                   : YES
Asynchronous To Synchronous        : NO
Shift Register Minimum Size        : 2
Use DSP Block                      : Auto
Automatic Register Balancing       : No

---- Target Options
LUT Combining                      : Auto
Reduce Control Sets                : Auto
Add IO Buffers                     : YES
Global Maximum Fanout              : 100000
Add Generic Clock Buffer(BUFG)     : 16
Register Duplication               : YES
Optimize Instantiated Primitives   : NO
Use Clock Enable                   : Auto
Use Synchronous Set                : Auto
Use Synchronous Reset              : Auto
Pack IO Registers into IOBs        : Auto
Equivalent register Removal        : YES

---- General Options
Optimization Goal                  : Speed
Optimization Effort                : 1
Power Reduction                    : NO
Keep Hierarchy                     : No
Netlist Hierarchy                  : As_Optimized
RTL Output                         : Yes
Global Optimization                : AllClockNets
Read Cores                         : YES
Write Timing Constraints           : NO
Cross Clock Analysis               : NO
Hierarchy Separator                : /
Bus Delimiter                      : <>
Case Specifier                     : Maintain
Slice Utilization Ratio            : 100
BRAM Utilization Ratio             : 100
DSP48 Utilization Ratio            : 100
Auto BRAM Packing                  : NO
Slice Utilization Ratio Delta      : 5

=========================================================================


=========================================================================
*                          HDL Parsing                                  *
=========================================================================
Analyzing Verilog file "D:\Codes\Verilog\CPU\PC.v" into library work
Parsing module <PC>.
Analyzing Verilog file "D:\Codes\Verilog\CPU\MUX_32_4_1.v" into library work
Parsing module <MUX32_4_1>.
Analyzing Verilog file "D:\Codes\Verilog\CPU\Left2Shifter.v" into library work
Parsing module <Left_2_Shifter>.
Analyzing Verilog file "D:\Codes\Verilog\CPU\JointAddr.v" into library work
Parsing module <Joint_Addr>.
Analyzing Verilog file "D:\Codes\Verilog\CPU\Control.v" into library work
Parsing module <Control>.
Analyzing Verilog file "D:\Codes\Verilog\CPU\ALUop.v" into library work
Parsing module <ALUop>.
Analyzing Verilog file "D:\Codes\Verilog\CPU\ADD32.v" into library work
Parsing module <ADD32>.
Analyzing Verilog file "D:\Codes\Verilog\CPU\Sign_Extender.v" into library work
Parsing module <Sign_Extender>.
Analyzing Verilog file "D:\Codes\Verilog\CPU\RegFile.v" into library work
Parsing module <RegFile>.
Analyzing Verilog file "D:\Codes\Verilog\CPU\MUX_32_2_1.v" into library work
Parsing module <MUX32_2_1>.
Analyzing Verilog file "D:\Codes\Verilog\CPU\MUX5_2_1.v" into library work
Parsing module <MUX5_2_1>.
Analyzing Verilog file "D:\Codes\Verilog\CPU\Fetch.v" into library work
Parsing module <Fetch>.
Analyzing Verilog file "D:\Codes\Verilog\CPU\Control_Unit.v" into library work
Parsing module <Control_Unit>.
Analyzing Verilog file "D:\Codes\Verilog\CPU\ALU.v" into library work
Parsing module <ALU>.
Analyzing Verilog file "D:\Codes\Verilog\CPU\MIPS_CPU.v" into library work
Parsing module <MIPS_CPU>.
WARNING:HDLCompiler:751 - "D:\Codes\Verilog\CPU\MIPS_CPU.v" Line 32: Redeclaration of ansi port Out2 is not allowed
Analyzing Verilog file "D:\Codes\Verilog\CPU\INST_MEM.v" into library work
Parsing module <INST_ROM>.
Analyzing Verilog file "D:\Codes\Verilog\CPU\Hex7seg_decode.v" into library work
Parsing module <Hex7seg_decode>.
Analyzing Verilog file "D:\Codes\Verilog\CPU\DATA_MEM.v" into library work
Parsing module <DATA_MEM>.
Analyzing Verilog file "D:\Codes\Verilog\CPU\Computer.v" into library work
Parsing module <Computer>.

=========================================================================
*                            HDL Elaboration                            *
=========================================================================

Elaborating module <Computer>.

Elaborating module <Hex7seg_decode>.

Elaborating module <DATA_MEM>.

Elaborating module <MUX32_2_1>.

Elaborating module <INST_ROM>.

Elaborating module <MIPS_CPU>.

Elaborating module <Fetch>.

Elaborating module <Left_2_Shifter>.

Elaborating module <ADD32>.

Elaborating module <Joint_Addr>.

Elaborating module <MUX32_4_1>.

Elaborating module <PC>.

Elaborating module <Control_Unit>.

Elaborating module <Control>.

Elaborating module <ALUop>.

Elaborating module <MUX5_2_1>.

Elaborating module <RegFile>.

Elaborating module <Sign_Extender>.

Elaborating module <ALU>.
WARNING:HDLCompiler:1127 - "D:\Codes\Verilog\CPU\Computer.v" Line 59: Assignment to Ext_imm ignored, since the identifier is never used
WARNING:HDLCompiler:634 - "D:\Codes\Verilog\CPU\Computer.v" Line 36: Net <Step> does not have a driver.

=========================================================================
*                           HDL Synthesis                               *
=========================================================================

Synthesizing Unit <Computer>.
    Related source file is "D:\Codes\Verilog\CPU\Computer.v".
INFO:Xst:3210 - "D:\Codes\Verilog\CPU\Computer.v" line 57: Output port <Ext_Imm> of the instance <cpu> is unconnected or connected to loadless signal.
WARNING:Xst:653 - Signal <Step> is used but never assigned. This sourceless signal will be automatically connected to value GND.
    Found 32-bit register for signal <ClockNum>.
    Found 32-bit adder for signal <ClockNum[31]_GND_1_o_add_2_OUT> created at line 42.
    Summary:
	inferred   1 Adder/Subtractor(s).
	inferred  32 D-type flip-flop(s).
Unit <Computer> synthesized.

Synthesizing Unit <Hex7seg_decode>.
    Related source file is "D:\Codes\Verilog\CPU\Hex7seg_decode.v".
    Found 8x6-bit Read Only RAM for signal <AN>
    Found 16x8-bit Read Only RAM for signal <SEGMENT>
    Summary:
	inferred   2 RAM(s).
	inferred   6 Multiplexer(s).
Unit <Hex7seg_decode> synthesized.

Synthesizing Unit <DATA_MEM>.
    Related source file is "D:\Codes\Verilog\CPU\DATA_MEM.v".
WARNING:Xst:647 - Input <addr<1:0>> is never used. This port will be preserved and left unconnected if it belongs to a top-level block or it belongs to a sub-block and the hierarchy of this sub-block is preserved.
WARNING:Xst:647 - Input <addr<31:7>> is never used. This port will be preserved and left unconnected if it belongs to a top-level block or it belongs to a sub-block and the hierarchy of this sub-block is preserved.
    Found 32x32-bit single-port RAM <Mram_ram> for signal <ram>.
    Summary:
	inferred   1 RAM(s).
	inferred   1 Multiplexer(s).
Unit <DATA_MEM> synthesized.

Synthesizing Unit <MUX32_2_1>.
    Related source file is "D:\Codes\Verilog\CPU\MUX_32_2_1.v".
    Summary:
	inferred   1 Multiplexer(s).
Unit <MUX32_2_1> synthesized.

Synthesizing Unit <INST_ROM>.
    Related source file is "D:\Codes\Verilog\CPU\INST_MEM.v".
WARNING:Xst:647 - Input <addr<1:0>> is never used. This port will be preserved and left unconnected if it belongs to a top-level block or it belongs to a sub-block and the hierarchy of this sub-block is preserved.
WARNING:Xst:647 - Input <addr<31:7>> is never used. This port will be preserved and left unconnected if it belongs to a top-level block or it belongs to a sub-block and the hierarchy of this sub-block is preserved.
    Found 32x32-bit Read Only RAM for signal <inst>
    Summary:
	inferred   1 RAM(s).
Unit <INST_ROM> synthesized.

Synthesizing Unit <MIPS_CPU>.
    Related source file is "D:\Codes\Verilog\CPU\MIPS_CPU.v".
    Summary:
	no macro.
Unit <MIPS_CPU> synthesized.

Synthesizing Unit <Fetch>.
    Related source file is "D:\Codes\Verilog\CPU\Fetch.v".
    Summary:
	inferred   1 Multiplexer(s).
Unit <Fetch> synthesized.

Synthesizing Unit <Left_2_Shifter>.
    Related source file is "D:\Codes\Verilog\CPU\Left2Shifter.v".
WARNING:Xst:647 - Input <addr<31:30>> is never used. This port will be preserved and left unconnected if it belongs to a top-level block or it belongs to a sub-block and the hierarchy of this sub-block is preserved.
    Summary:
	no macro.
Unit <Left_2_Shifter> synthesized.

Synthesizing Unit <ADD32>.
    Related source file is "D:\Codes\Verilog\CPU\ADD32.v".
    Found 32-bit adder for signal <C> created at line 26.
    Summary:
	inferred   1 Adder/Subtractor(s).
Unit <ADD32> synthesized.

Synthesizing Unit <Joint_Addr>.
    Related source file is "D:\Codes\Verilog\CPU\JointAddr.v".
WARNING:Xst:647 - Input <PC<27:0>> is never used. This port will be preserved and left unconnected if it belongs to a top-level block or it belongs to a sub-block and the hierarchy of this sub-block is preserved.
WARNING:Xst:647 - Input <Instruction<31:26>> is never used. This port will be preserved and left unconnected if it belongs to a top-level block or it belongs to a sub-block and the hierarchy of this sub-block is preserved.
    Summary:
	no macro.
Unit <Joint_Addr> synthesized.

Synthesizing Unit <MUX32_4_1>.
    Related source file is "D:\Codes\Verilog\CPU\MUX_32_4_1.v".
    Found 32-bit 4-to-1 multiplexer for signal <out> created at line 24.
    Summary:
	inferred   1 Multiplexer(s).
Unit <MUX32_4_1> synthesized.

Synthesizing Unit <PC>.
    Related source file is "D:\Codes\Verilog\CPU\PC.v".
    Found 32-bit register for signal <PC_reg>.
    Summary:
	inferred  32 D-type flip-flop(s).
Unit <PC> synthesized.

Synthesizing Unit <Control_Unit>.
    Related source file is "D:\Codes\Verilog\CPU\Control_Unit.v".
    Summary:
	no macro.
Unit <Control_Unit> synthesized.

Synthesizing Unit <Control>.
    Related source file is "D:\Codes\Verilog\CPU\Control.v".
    Summary:
	no macro.
Unit <Control> synthesized.

Synthesizing Unit <ALUop>.
    Related source file is "D:\Codes\Verilog\CPU\ALUop.v".
WARNING:Xst:647 - Input <func<5:3>> is never used. This port will be preserved and left unconnected if it belongs to a top-level block or it belongs to a sub-block and the hierarchy of this sub-block is preserved.
    Summary:
	no macro.
Unit <ALUop> synthesized.

Synthesizing Unit <MUX5_2_1>.
    Related source file is "D:\Codes\Verilog\CPU\MUX5_2_1.v".
    Summary:
	inferred   1 Multiplexer(s).
Unit <MUX5_2_1> synthesized.

Synthesizing Unit <RegFile>.
    Related source file is "D:\Codes\Verilog\CPU\RegFile.v".
    Found 32x32-bit dual-port RAM <Mram_Register> for signal <Register>.
    Summary:
	inferred   2 RAM(s).
	inferred   2 Multiplexer(s).
Unit <RegFile> synthesized.

Synthesizing Unit <Sign_Extender>.
    Related source file is "D:\Codes\Verilog\CPU\Sign_Extender.v".
    Summary:
	no macro.
Unit <Sign_Extender> synthesized.

Synthesizing Unit <ALU>.
    Related source file is "D:\Codes\Verilog\CPU\ALU.v".
    Found 32-bit subtractor for signal <A[31]_B[31]_sub_4_OUT> created at line 30.
    Found 32-bit adder for signal <A[31]_B[31]_add_1_OUT> created at line 28.
    Found 32-bit 6-to-1 multiplexer for signal <Result> created at line 24.
    Summary:
	inferred   1 Adder/Subtractor(s).
	inferred  10 Multiplexer(s).
Unit <ALU> synthesized.

=========================================================================
HDL Synthesis Report

Macro Statistics
# RAMs                                                 : 6
 16x8-bit single-port Read Only RAM                    : 1
 32x32-bit dual-port RAM                               : 2
 32x32-bit single-port RAM                             : 1
 32x32-bit single-port Read Only RAM                   : 1
 8x6-bit single-port Read Only RAM                     : 1
# Adders/Subtractors                                   : 4
 32-bit adder                                          : 3
 32-bit addsub                                         : 1
# Registers                                            : 2
 32-bit register                                       : 2
# Multiplexers                                         : 24
 2-bit 2-to-1 multiplexer                              : 1
 32-bit 2-to-1 multiplexer                             : 15
 32-bit 4-to-1 multiplexer                             : 1
 4-bit 2-to-1 multiplexer                              : 6
 5-bit 2-to-1 multiplexer                              : 1
# Xors                                                 : 1
 32-bit xor2                                           : 1

=========================================================================
INFO:Xst:1767 - HDL ADVISOR - Resource sharing has identified that some arithmetic operations in this design can share the same physical resources for reduced device utilization. For improved clock frequency you may try to disable resource sharing.

=========================================================================
*                       Advanced HDL Synthesis                          *
=========================================================================


Synthesizing (advanced) Unit <Computer>.
The following registers are absorbed into counter <ClockNum>: 1 register on signal <ClockNum>.
Unit <Computer> synthesized (advanced).

Synthesizing (advanced) Unit <DATA_MEM>.
INFO:Xst:3218 - HDL ADVISOR - The RAM <Mram_ram> will be implemented on LUTs either because you have described an asynchronous read or because of currently unsupported block RAM features. If you have described an asynchronous read, making it synchronous would allow you to take advantage of available block RAM resources, for optimized device usage and improved timings. Please refer to your documentation for coding guidelines.
    -----------------------------------------------------------------------
    | ram_type           | Distributed                         |          |
    -----------------------------------------------------------------------
    | Port A                                                              |
    |     aspect ratio   | 32-word x 32-bit                    |          |
    |     clkA           | connected to signal <Clock>         | rise     |
    |     weA            | connected to signal <ReadWrite>     | high     |
    |     addrA          | connected to signal <addr>          |          |
    |     diA            | connected to signal <datain>        |          |
    |     doA            | connected to internal node          |          |
    -----------------------------------------------------------------------
Unit <DATA_MEM> synthesized (advanced).

Synthesizing (advanced) Unit <Hex7seg_decode>.
INFO:Xst:3218 - HDL ADVISOR - The RAM <Mram_AN> will be implemented on LUTs either because you have described an asynchronous read or because of currently unsupported block RAM features. If you have described an asynchronous read, making it synchronous would allow you to take advantage of available block RAM resources, for optimized device usage and improved timings. Please refer to your documentation for coding guidelines.
    -----------------------------------------------------------------------
    | ram_type           | Distributed                         |          |
    -----------------------------------------------------------------------
    | Port A                                                              |
    |     aspect ratio   | 8-word x 6-bit                      |          |
    |     weA            | connected to signal <GND>           | high     |
    |     addrA          | connected to signal <Scanning>      |          |
    |     diA            | connected to signal <GND>           |          |
    |     doA            | connected to signal <AN>            |          |
    -----------------------------------------------------------------------
INFO:Xst:3218 - HDL ADVISOR - The RAM <Mram_SEGMENT> will be implemented on LUTs either because you have described an asynchronous read or because of currently unsupported block RAM features. If you have described an asynchronous read, making it synchronous would allow you to take advantage of available block RAM resources, for optimized device usage and improved timings. Please refer to your documentation for coding guidelines.
    -----------------------------------------------------------------------
    | ram_type           | Distributed                         |          |
    -----------------------------------------------------------------------
    | Port A                                                              |
    |     aspect ratio   | 16-word x 8-bit                     |          |
    |     weA            | connected to signal <GND>           | high     |
    |     addrA          | connected to signal <digit>         |          |
    |     diA            | connected to signal <GND>           |          |
    |     doA            | connected to signal <SEGMENT>       |          |
    -----------------------------------------------------------------------
Unit <Hex7seg_decode> synthesized (advanced).

Synthesizing (advanced) Unit <INST_ROM>.
INFO:Xst:3231 - The small RAM <Mram_inst> will be implemented on LUTs in order to maximize performance and save block RAM resources. If you want to force its implementation on block, use option/constraint ram_style.
    -----------------------------------------------------------------------
    | ram_type           | Distributed                         |          |
    -----------------------------------------------------------------------
    | Port A                                                              |
    |     aspect ratio   | 32-word x 32-bit                    |          |
    |     weA            | connected to signal <GND>           | high     |
    |     addrA          | connected to signal <addr>          |          |
    |     diA            | connected to signal <GND>           |          |
    |     doA            | connected to signal <inst>          |          |
    -----------------------------------------------------------------------
Unit <INST_ROM> synthesized (advanced).

Synthesizing (advanced) Unit <RegFile>.
INFO:Xst:3218 - HDL ADVISOR - The RAM <Mram_Register> will be implemented on LUTs either because you have described an asynchronous read or because of currently unsupported block RAM features. If you have described an asynchronous read, making it synchronous would allow you to take advantage of available block RAM resources, for optimized device usage and improved timings. Please refer to your documentation for coding guidelines.
    -----------------------------------------------------------------------
    | ram_type           | Distributed                         |          |
    -----------------------------------------------------------------------
    | Port A                                                              |
    |     aspect ratio   | 32-word x 32-bit                    |          |
    |     clkA           | connected to signal <Clock>         | rise     |
    |     weA            | connected to internal node          | high     |
    |     addrA          | connected to signal <Wn>            |          |
    |     diA            | connected to signal <Wd>            |          |
    -----------------------------------------------------------------------
    | Port B                                                              |
    |     aspect ratio   | 32-word x 32-bit                    |          |
    |     addrB          | connected to signal <Rn1>           |          |
    |     doB            | connected to internal node          |          |
    -----------------------------------------------------------------------
INFO:Xst:3218 - HDL ADVISOR - The RAM <Mram_Register1> will be implemented on LUTs either because you have described an asynchronous read or because of currently unsupported block RAM features. If you have described an asynchronous read, making it synchronous would allow you to take advantage of available block RAM resources, for optimized device usage and improved timings. Please refer to your documentation for coding guidelines.
    -----------------------------------------------------------------------
    | ram_type           | Distributed                         |          |
    -----------------------------------------------------------------------
    | Port A                                                              |
    |     aspect ratio   | 32-word x 32-bit                    |          |
    |     clkA           | connected to signal <Clock>         | rise     |
    |     weA            | connected to internal node          | high     |
    |     addrA          | connected to signal <Wn>            |          |
    |     diA            | connected to signal <Wd>            |          |
    -----------------------------------------------------------------------
    | Port B                                                              |
    |     aspect ratio   | 32-word x 32-bit                    |          |
    |     addrB          | connected to signal <Rn2>           |          |
    |     doB            | connected to internal node          |          |
    -----------------------------------------------------------------------
Unit <RegFile> synthesized (advanced).

=========================================================================
Advanced HDL Synthesis Report

Macro Statistics
# RAMs                                                 : 6
 16x8-bit single-port distributed Read Only RAM        : 1
 32x32-bit dual-port distributed RAM                   : 2
 32x32-bit single-port distributed RAM                 : 1
 32x32-bit single-port distributed Read Only RAM       : 1
 8x6-bit single-port distributed Read Only RAM         : 1
# Adders/Subtractors                                   : 3
 32-bit adder                                          : 2
 32-bit addsub                                         : 1
# Counters                                             : 1
 32-bit up counter                                     : 1
# Registers                                            : 32
 Flip-Flops                                            : 32
# Multiplexers                                         : 23
 32-bit 2-to-1 multiplexer                             : 15
 32-bit 4-to-1 multiplexer                             : 1
 4-bit 2-to-1 multiplexer                              : 6
 5-bit 2-to-1 multiplexer                              : 1
# Xors                                                 : 1
 32-bit xor2                                           : 1

=========================================================================

=========================================================================
*                         Low Level Synthesis                           *
=========================================================================
WARNING:Xst:2677 - Node <ClockNum_19> of sequential type is unconnected in block <Computer>.
WARNING:Xst:2677 - Node <ClockNum_20> of sequential type is unconnected in block <Computer>.
WARNING:Xst:2677 - Node <ClockNum_21> of sequential type is unconnected in block <Computer>.
WARNING:Xst:2677 - Node <ClockNum_22> of sequential type is unconnected in block <Computer>.
WARNING:Xst:2677 - Node <ClockNum_23> of sequential type is unconnected in block <Computer>.
WARNING:Xst:2677 - Node <ClockNum_24> of sequential type is unconnected in block <Computer>.
WARNING:Xst:2677 - Node <ClockNum_25> of sequential type is unconnected in block <Computer>.
WARNING:Xst:2677 - Node <ClockNum_26> of sequential type is unconnected in block <Computer>.
WARNING:Xst:2677 - Node <ClockNum_27> of sequential type is unconnected in block <Computer>.
WARNING:Xst:2677 - Node <ClockNum_28> of sequential type is unconnected in block <Computer>.
WARNING:Xst:2677 - Node <ClockNum_29> of sequential type is unconnected in block <Computer>.
WARNING:Xst:2677 - Node <ClockNum_30> of sequential type is unconnected in block <Computer>.
WARNING:Xst:2677 - Node <ClockNum_31> of sequential type is unconnected in block <Computer>.

Optimizing unit <PC> ...

Optimizing unit <Computer> ...

Optimizing unit <Fetch> ...

Optimizing unit <ALU> ...
WARNING:Xst:2677 - Node <cpu/Fetch/PC/PC_reg_31> of sequential type is unconnected in block <Computer>.
WARNING:Xst:2677 - Node <cpu/Fetch/PC/PC_reg_30> of sequential type is unconnected in block <Computer>.
WARNING:Xst:2677 - Node <cpu/Fetch/PC/PC_reg_29> of sequential type is unconnected in block <Computer>.
WARNING:Xst:2677 - Node <cpu/Fetch/PC/PC_reg_28> of sequential type is unconnected in block <Computer>.
WARNING:Xst:2677 - Node <cpu/Fetch/PC/PC_reg_27> of sequential type is unconnected in block <Computer>.
WARNING:Xst:2677 - Node <cpu/Fetch/PC/PC_reg_26> of sequential type is unconnected in block <Computer>.
WARNING:Xst:2677 - Node <cpu/Fetch/PC/PC_reg_25> of sequential type is unconnected in block <Computer>.
WARNING:Xst:2677 - Node <cpu/Fetch/PC/PC_reg_24> of sequential type is unconnected in block <Computer>.
WARNING:Xst:2677 - Node <cpu/Fetch/PC/PC_reg_23> of sequential type is unconnected in block <Computer>.
WARNING:Xst:2677 - Node <cpu/Fetch/PC/PC_reg_22> of sequential type is unconnected in block <Computer>.
WARNING:Xst:2677 - Node <cpu/Fetch/PC/PC_reg_21> of sequential type is unconnected in block <Computer>.
WARNING:Xst:2677 - Node <cpu/Fetch/PC/PC_reg_20> of sequential type is unconnected in block <Computer>.
WARNING:Xst:2677 - Node <cpu/Fetch/PC/PC_reg_19> of sequential type is unconnected in block <Computer>.
WARNING:Xst:2677 - Node <cpu/Fetch/PC/PC_reg_18> of sequential type is unconnected in block <Computer>.
WARNING:Xst:2677 - Node <cpu/Fetch/PC/PC_reg_17> of sequential type is unconnected in block <Computer>.
WARNING:Xst:2677 - Node <cpu/Fetch/PC/PC_reg_16> of sequential type is unconnected in block <Computer>.
WARNING:Xst:2677 - Node <cpu/Fetch/PC/PC_reg_15> of sequential type is unconnected in block <Computer>.
WARNING:Xst:2677 - Node <cpu/Fetch/PC/PC_reg_14> of sequential type is unconnected in block <Computer>.
WARNING:Xst:2677 - Node <cpu/Fetch/PC/PC_reg_13> of sequential type is unconnected in block <Computer>.
WARNING:Xst:2677 - Node <cpu/Fetch/PC/PC_reg_12> of sequential type is unconnected in block <Computer>.
WARNING:Xst:2677 - Node <cpu/Fetch/PC/PC_reg_11> of sequential type is unconnected in block <Computer>.
WARNING:Xst:2677 - Node <cpu/Fetch/PC/PC_reg_10> of sequential type is unconnected in block <Computer>.
WARNING:Xst:2677 - Node <cpu/Fetch/PC/PC_reg_1> of sequential type is unconnected in block <Computer>.
WARNING:Xst:2677 - Node <cpu/Fetch/PC/PC_reg_0> of sequential type is unconnected in block <Computer>.

Mapping all equations...
Building and optimizing final netlist ...
Found area constraint ratio of 100 (+ 5) on block Computer, actual ratio is 1.
FlipFlop cpu/Fetch/PC/PC_reg_2 has been replicated 1 time(s)
FlipFlop cpu/Fetch/PC/PC_reg_4 has been replicated 1 time(s)
FlipFlop cpu/Fetch/PC/PC_reg_5 has been replicated 1 time(s)
FlipFlop cpu/Fetch/PC/PC_reg_6 has been replicated 1 time(s)

Final Macro Processing ...

=========================================================================
Final Register Report

Macro Statistics
# Registers                                            : 31
 Flip-Flops                                            : 31

=========================================================================

=========================================================================
*                           Partition Report                            *
=========================================================================

Partition Implementation Status
-------------------------------

  No Partitions were found in this design.

-------------------------------

=========================================================================
*                            Design Summary                             *
=========================================================================

Top Level Output File Name         : Computer.ngc

Primitive and Black Box Usage:
------------------------------
# BELS                             : 432
#      GND                         : 1
#      INV                         : 2
#      LUT1                        : 25
#      LUT3                        : 26
#      LUT4                        : 61
#      LUT5                        : 38
#      LUT6                        : 140
#      MUXCY                       : 63
#      MUXF7                       : 8
#      VCC                         : 1
#      XORCY                       : 67
# FlipFlops/Latches                : 31
#      FD                          : 19
#      FDR                         : 12
# RAMS                             : 46
#      RAM32M                      : 10
#      RAM32X1D                    : 4
#      RAM32X1S                    : 32
# Clock Buffers                    : 1
#      BUFGP                       : 1
# IO Buffers                       : 40
#      IBUF                        : 1
#      OBUF                        : 39

Device utilization summary:
---------------------------

Selected Device : 6slx45csg484-3 


Slice Logic Utilization: 
 Number of Slice Registers:              31  out of  54576     0%  
 Number of Slice LUTs:                  372  out of  27288     1%  
    Number used as Logic:               292  out of  27288     1%  
    Number used as Memory:               80  out of   6408     1%  
       Number used as RAM:               80

Slice Logic Distribution: 
 Number of LUT Flip Flop pairs used:    376
   Number with an unused Flip Flop:     345  out of    376    91%  
   Number with an unused LUT:             4  out of    376     1%  
   Number of fully used LUT-FF pairs:    27  out of    376     7%  
   Number of unique control sets:         2

IO Utilization: 
 Number of IOs:                          41
 Number of bonded IOBs:                  41  out of    320    12%  

Specific Feature Utilization:
 Number of BUFG/BUFGCTRLs:                1  out of     16     6%  

---------------------------
Partition Resource Summary:
---------------------------

  No Partitions were found in this design.

---------------------------


=========================================================================
Timing Report

NOTE: THESE TIMING NUMBERS ARE ONLY A SYNTHESIS ESTIMATE.
      FOR ACCURATE TIMING INFORMATION PLEASE REFER TO THE TRACE REPORT
      GENERATED AFTER PLACE-and-ROUTE.

Clock Information:
------------------
-----------------------------------+------------------------+-------+
Clock Signal                       | Clock buffer(FF name)  | Load  |
-----------------------------------+------------------------+-------+
Clock                              | BUFGP                  | 77    |
-----------------------------------+------------------------+-------+

Asynchronous Control Signals Information:
----------------------------------------
No asynchronous control signals found in this design

Timing Summary:
---------------
Speed Grade: -3

   Minimum period: 8.418ns (Maximum Frequency: 118.799MHz)
   Minimum input arrival time before clock: 2.560ns
   Maximum output required time after clock: 11.637ns
   Maximum combinational path delay: No path found

Timing Details:
---------------
All values displayed in nanoseconds (ns)

=========================================================================
Timing constraint: Default period analysis for Clock 'Clock'
  Clock period: 8.418ns (frequency: 118.799MHz)
  Total number of paths / destination ports: 259971 / 415
-------------------------------------------------------------------------
Delay:               8.418ns (Levels of Logic = 9)
  Source:            cpu/Fetch/PC/PC_reg_2 (FF)
  Destination:       cpu/Fetch/PC/PC_reg_9 (FF)
  Source Clock:      Clock rising
  Destination Clock: Clock rising

  Data Path: cpu/Fetch/PC/PC_reg_2 to cpu/Fetch/PC/PC_reg_9
                                Gate     Net
    Cell:in->out      fanout   Delay   Delay  Logical Name (Net Name)
    ----------------------------------------  ------------
     FDR:C->Q            127   0.447   2.176  cpu/Fetch/PC/PC_reg_2 (cpu/Fetch/PC/PC_reg_2)
     LUT5:I2->O           21   0.205   1.218  cpu/ControlUnit/U1/ALU_op<1>1 (cpu/ALU_op<1>)
     LUT6:I4->O            1   0.203   0.000  cpu/ALU/Mmux_Result5_rs_lut<0> (cpu/ALU/Mmux_Result5_rs_lut<0>)
     MUXCY:S->O            1   0.172   0.000  cpu/ALU/Mmux_Result5_rs_cy<0> (cpu/ALU/Mmux_Result5_rs_cy<0>)
     MUXCY:CI->O           1   0.019   0.000  cpu/ALU/Mmux_Result5_rs_cy<1> (cpu/ALU/Mmux_Result5_rs_cy<1>)
     MUXCY:CI->O           1   0.019   0.000  cpu/ALU/Mmux_Result5_rs_cy<2> (cpu/ALU/Mmux_Result5_rs_cy<2>)
     XORCY:CI->O          36   0.180   1.577  cpu/ALU/Mmux_Result5_rs_xor<3> (Test_signal_3_OBUF)
     LUT6:I3->O            1   0.205   0.580  cpu/ALU/Zero1 (cpu/ALU/Zero)
     LUT6:I5->O            8   0.205   0.907  cpu/ALU/Zero2 (cpu/ALU/Zero1)
     LUT6:I4->O            1   0.203   0.000  cpu/Fetch/NextPcGetter/Mmux_out321 (cpu/Fetch/next_pc<9>)
     FDR:D                     0.102          cpu/Fetch/PC/PC_reg_9
    ----------------------------------------
    Total                      8.418ns (1.960ns logic, 6.458ns route)
                                       (23.3% logic, 76.7% route)

=========================================================================
Timing constraint: Default OFFSET IN BEFORE for Clock 'Clock'
  Total number of paths / destination ports: 12 / 12
-------------------------------------------------------------------------
Offset:              2.560ns (Levels of Logic = 1)
  Source:            Reset (PAD)
  Destination:       cpu/Fetch/PC/PC_reg_9 (FF)
  Destination Clock: Clock rising

  Data Path: Reset to cpu/Fetch/PC/PC_reg_9
                                Gate     Net
    Cell:in->out      fanout   Delay   Delay  Logical Name (Net Name)
    ----------------------------------------  ------------
     IBUF:I->O            12   1.222   0.908  Reset_IBUF (Reset_IBUF)
     FDR:R                     0.430          cpu/Fetch/PC/PC_reg_2
    ----------------------------------------
    Total                      2.560ns (1.652ns logic, 0.908ns route)
                                       (64.5% logic, 35.5% route)

=========================================================================
Timing constraint: Default OFFSET OUT AFTER for Clock 'Clock'
  Total number of paths / destination ports: 27614 / 37
-------------------------------------------------------------------------
Offset:              11.637ns (Levels of Logic = 13)
  Source:            cpu/Fetch/PC/PC_reg_2 (FF)
  Destination:       DISP_Seg<4> (PAD)
  Source Clock:      Clock rising

  Data Path: cpu/Fetch/PC/PC_reg_2 to DISP_Seg<4>
                                Gate     Net
    Cell:in->out      fanout   Delay   Delay  Logical Name (Net Name)
    ----------------------------------------  ------------
     FDR:C->Q            127   0.447   2.176  cpu/Fetch/PC/PC_reg_2 (cpu/Fetch/PC/PC_reg_2)
     LUT5:I2->O           21   0.205   1.218  cpu/ControlUnit/U1/ALU_op<1>1 (cpu/ALU_op<1>)
     LUT6:I4->O            1   0.203   0.000  cpu/ALU/Mmux_Result5_rs_lut<0> (cpu/ALU/Mmux_Result5_rs_lut<0>)
     MUXCY:S->O            1   0.172   0.000  cpu/ALU/Mmux_Result5_rs_cy<0> (cpu/ALU/Mmux_Result5_rs_cy<0>)
     MUXCY:CI->O           1   0.019   0.000  cpu/ALU/Mmux_Result5_rs_cy<1> (cpu/ALU/Mmux_Result5_rs_cy<1>)
     MUXCY:CI->O           1   0.019   0.000  cpu/ALU/Mmux_Result5_rs_cy<2> (cpu/ALU/Mmux_Result5_rs_cy<2>)
     MUXCY:CI->O           1   0.019   0.000  cpu/ALU/Mmux_Result5_rs_cy<3> (cpu/ALU/Mmux_Result5_rs_cy<3>)
     MUXCY:CI->O           1   0.019   0.000  cpu/ALU/Mmux_Result5_rs_cy<4> (cpu/ALU/Mmux_Result5_rs_cy<4>)
     MUXCY:CI->O           1   0.019   0.000  cpu/ALU/Mmux_Result5_rs_cy<5> (cpu/ALU/Mmux_Result5_rs_cy<5>)
     XORCY:CI->O          36   0.180   1.596  cpu/ALU/Mmux_Result5_rs_xor<6> (Test_signal_6_OBUF)
     LUT6:I2->O            1   0.203   0.580  seg/Mmux_digit61 (seg/Mmux_digit6)
     LUT6:I5->O            7   0.205   1.002  seg/Mmux_digit62 (seg/digit<2>)
     LUT4:I1->O            1   0.205   0.579  seg/Mram_SEGMENT111 (DISP_Seg_1_OBUF)
     OBUF:I->O                 2.571          DISP_Seg_1_OBUF (DISP_Seg<1>)
    ----------------------------------------
    Total                     11.637ns (4.486ns logic, 7.151ns route)
                                       (38.6% logic, 61.4% route)

=========================================================================

Cross Clock Domains Report:
--------------------------

Clock to Setup on destination clock Clock
---------------+---------+---------+---------+---------+
               | Src:Rise| Src:Fall| Src:Rise| Src:Fall|
Source Clock   |Dest:Rise|Dest:Rise|Dest:Fall|Dest:Fall|
---------------+---------+---------+---------+---------+
Clock          |    8.418|         |         |         |
---------------+---------+---------+---------+---------+

=========================================================================


Total REAL time to Xst completion: 10.00 secs
Total CPU time to Xst completion: 9.64 secs
 
--> 

Total memory usage is 4541448 kilobytes

Number of errors   :    0 (   0 filtered)
Number of warnings :   49 (   0 filtered)
Number of infos    :    8 (   0 filtered)

